--------------------------------- Version Log ----------------------------------
Version                                 Path
System Generator 2025.1                 /tools/Xilinx/2025.1/Model_Composer
Matlab 25.1.0.2973910 (R2025a) Update 1 /usr/local/MATLAB/R2025a
Vivado 2025.1                           /tools/Xilinx/2025.1/Vivado
--------------------------------------------------------------------------------
Summary of Errors:
Error 0001: The design contains HDL blocks. Add a Vitis Model Compose...
     Block: 'zynqRadioHWSWQPSKAD9361AD9364SL/HDL_QPSK/QPSK Tx Channel QPSK Rx/channel/NCO_DUT/Address_gwo'
Error 0002: The design contains HDL blocks. Add a Vitis Model Compose...
     Block: 'zynqRadioHWSWQPSKAD9361AD9364SL/HDL_QPSK/QPSK Tx Channel QPSK Rx/channel/NCO_DUT/En_gwi'
Error 0003: The design contains HDL blocks. Add a Vitis Model Compose...
     Block: 'zynqRadioHWSWQPSKAD9361AD9364SL/HDL_QPSK/QPSK Tx Channel QPSK Rx/channel/NCO_DUT/NCO_Sweep/High_Level/Address_Accumulator'
Error 0004: The design contains HDL blocks. Add a Vitis Model Compose...
     Block: 'zynqRadioHWSWQPSKAD9361AD9364SL/HDL_QPSK/QPSK Tx Channel QPSK Rx/channel/NCO_DUT/NCO_Sweep/High_Level/Constant'
Error 0005: The design contains HDL blocks. Add a Vitis Model Compose...
     Block: 'zynqRadioHWSWQPSKAD9361AD9364SL/HDL_QPSK/QPSK Tx Channel QPSK Rx/channel/NCO_DUT/NCO_Sweep/High_Level/Convert'
Error 0006: The design contains HDL blocks. Add a Vitis Model Compose...
     Block: 'zynqRadioHWSWQPSKAD9361AD9364SL/HDL_QPSK/QPSK Tx Channel QPSK Rx/channel/NCO_DUT/NCO_Sweep/High_Level/Delay'
Error 0007: The design contains HDL blocks. Add a Vitis Model Compose...
     Block: 'zynqRadioHWSWQPSKAD9361AD9364SL/HDL_QPSK/QPSK Tx Channel QPSK Rx/channel/NCO_DUT/NCO_Sweep/High_Level/End_Step'
Error 0008: The design contains HDL blocks. Add a Vitis Model Compose...
     Block: 'zynqRadioHWSWQPSKAD9361AD9364SL/HDL_QPSK/QPSK Tx Channel QPSK Rx/channel/NCO_DUT/NCO_Sweep/High_Level/Logical'
Error 0009: The design contains HDL blocks. Add a Vitis Model Compose...
     Block: 'zynqRadioHWSWQPSKAD9361AD9364SL/HDL_QPSK/QPSK Tx Channel QPSK Rx/channel/NCO_DUT/NCO_Sweep/High_Level/Logical1'
Error 0010: The design contains HDL blocks. Add a Vitis Model Compose...
     Block: 'zynqRadioHWSWQPSKAD9361AD9364SL/HDL_QPSK/QPSK Tx Channel QPSK Rx/channel/NCO_DUT/NCO_Sweep/High_Level/Mux'
Error 0011: The design contains HDL blocks. Add a Vitis Model Compose...
     Block: 'zynqRadioHWSWQPSKAD9361AD9364SL/HDL_QPSK/QPSK Tx Channel QPSK Rx/channel/NCO_DUT/NCO_Sweep/High_Level/Mux1'
Error 0012: The design contains HDL blocks. Add a Vitis Model Compose...
     Block: 'zynqRadioHWSWQPSKAD9361AD9364SL/HDL_QPSK/QPSK Tx Channel QPSK Rx/channel/NCO_DUT/NCO_Sweep/High_Level/ROM'
Error 0013: The design contains HDL blocks. Add a Vitis Model Compose...
     Block: 'zynqRadioHWSWQPSKAD9361AD9364SL/HDL_QPSK/QPSK Tx Channel QPSK Rx/channel/NCO_DUT/NCO_Sweep/High_Level/Relational'
Error 0014: The design contains HDL blocks. Add a Vitis Model Compose...
     Block: 'zynqRadioHWSWQPSKAD9361AD9364SL/HDL_QPSK/QPSK Tx Channel QPSK Rx/channel/NCO_DUT/NCO_Sweep/High_Level/Start_Step'
Error 0015: The design contains HDL blocks. Add a Vitis Model Compose...
     Block: 'zynqRadioHWSWQPSKAD9361AD9364SL/HDL_QPSK/QPSK Tx Channel QPSK Rx/channel/NCO_DUT/NCO_Sweep/High_Level/Step_Accumulator'
Error 0016: The design contains HDL blocks. Add a Vitis Model Compose...
     Block: 'zynqRadioHWSWQPSKAD9361AD9364SL/HDL_QPSK/QPSK Tx Channel QPSK Rx/channel/NCO_DUT/NCO_Sweep/High_Level/Step_Step'
Error 0017: The design contains HDL blocks. Add a Vitis Model Compose...
     Block: 'zynqRadioHWSWQPSKAD9361AD9364SL/HDL_QPSK/QPSK Tx Channel QPSK Rx/channel/NCO_DUT/NCO_gwo'
Error 0018: The design contains HDL blocks. Add a Vitis Model Compose...
     Block: 'zynqRadioHWSWQPSKAD9361AD9364SL/HDL_QPSK/QPSK Tx Channel QPSK Rx/channel/NCO_DUT/Reset_gwo'
Error 0019: The design contains HDL blocks. Add a Vitis Model Compose...
     Block: 'zynqRadioHWSWQPSKAD9361AD9364SL/HDL_QPSK/QPSK Tx Channel QPSK Rx/channel/NCO_DUT/address_Step_Step_gwo'
Error 0020: The design contains HDL blocks. Add a Vitis Model Compose...
     Block: 'zynqRadioHWSWQPSKAD9361AD9364SL/HDL_QPSK/QPSK Tx Channel QPSK Rx/channel/NCO_DUT/address_step_gwo'
--------------------------------------------------------------------------------

Error 0001:

Reported by:
  'zynqRadioHWSWQPSKAD9361AD9364SL/HDL_QPSK/QPSK Tx Channel QPSK Rx/channel/NCO_DUT/Address_gwo'

Details:
The design contains HDL blocks. Add a Vitis Model Composer Hub
block at the top level in the design.

--------------------------------------------------------------------------------

Error 0001:

Reported by:
  'zynqRadioHWSWQPSKAD9361AD9364SL/HDL_QPSK/QPSK Tx Channel QPSK Rx/channel/NCO_DUT/En_gwi'

Details:
The design contains HDL blocks. Add a Vitis Model Composer Hub
block at the top level in the design.

--------------------------------------------------------------------------------

Error 0001:

Reported by:
  'zynqRadioHWSWQPSKAD9361AD9364SL/HDL_QPSK/QPSK Tx Channel QPSK Rx/channel/NCO_DUT/NCO_Sweep/High_Level/Address_Accumulator'

Details:
The design contains HDL blocks. Add a Vitis Model Composer Hub
block at the top level in the design.

--------------------------------------------------------------------------------

Error 0001:

Reported by:
  'zynqRadioHWSWQPSKAD9361AD9364SL/HDL_QPSK/QPSK Tx Channel QPSK Rx/channel/NCO_DUT/NCO_Sweep/High_Level/Constant'

Details:
The design contains HDL blocks. Add a Vitis Model Composer Hub
block at the top level in the design.

--------------------------------------------------------------------------------

Error 0001:

Reported by:
  'zynqRadioHWSWQPSKAD9361AD9364SL/HDL_QPSK/QPSK Tx Channel QPSK Rx/channel/NCO_DUT/NCO_Sweep/High_Level/Convert'

Details:
The design contains HDL blocks. Add a Vitis Model Composer Hub
block at the top level in the design.

--------------------------------------------------------------------------------

Error 0001:

Reported by:
  'zynqRadioHWSWQPSKAD9361AD9364SL/HDL_QPSK/QPSK Tx Channel QPSK Rx/channel/NCO_DUT/NCO_Sweep/High_Level/Delay'

Details:
The design contains HDL blocks. Add a Vitis Model Composer Hub
block at the top level in the design.

--------------------------------------------------------------------------------

Error 0001:

Reported by:
  'zynqRadioHWSWQPSKAD9361AD9364SL/HDL_QPSK/QPSK Tx Channel QPSK Rx/channel/NCO_DUT/NCO_Sweep/High_Level/End_Step'

Details:
The design contains HDL blocks. Add a Vitis Model Composer Hub
block at the top level in the design.

--------------------------------------------------------------------------------

Error 0001:

Reported by:
  'zynqRadioHWSWQPSKAD9361AD9364SL/HDL_QPSK/QPSK Tx Channel QPSK Rx/channel/NCO_DUT/NCO_Sweep/High_Level/Logical'

Details:
The design contains HDL blocks. Add a Vitis Model Composer Hub
block at the top level in the design.

--------------------------------------------------------------------------------

Error 0001:

Reported by:
  'zynqRadioHWSWQPSKAD9361AD9364SL/HDL_QPSK/QPSK Tx Channel QPSK Rx/channel/NCO_DUT/NCO_Sweep/High_Level/Logical1'

Details:
The design contains HDL blocks. Add a Vitis Model Composer Hub
block at the top level in the design.

--------------------------------------------------------------------------------

Error 0001:

Reported by:
  'zynqRadioHWSWQPSKAD9361AD9364SL/HDL_QPSK/QPSK Tx Channel QPSK Rx/channel/NCO_DUT/NCO_Sweep/High_Level/Mux'

Details:
The design contains HDL blocks. Add a Vitis Model Composer Hub
block at the top level in the design.

--------------------------------------------------------------------------------

Error 0001:

Reported by:
  'zynqRadioHWSWQPSKAD9361AD9364SL/HDL_QPSK/QPSK Tx Channel QPSK Rx/channel/NCO_DUT/NCO_Sweep/High_Level/Mux1'

Details:
The design contains HDL blocks. Add a Vitis Model Composer Hub
block at the top level in the design.

--------------------------------------------------------------------------------

Error 0001:

Reported by:
  'zynqRadioHWSWQPSKAD9361AD9364SL/HDL_QPSK/QPSK Tx Channel QPSK Rx/channel/NCO_DUT/NCO_Sweep/High_Level/ROM'

Details:
The design contains HDL blocks. Add a Vitis Model Composer Hub
block at the top level in the design.

--------------------------------------------------------------------------------

Error 0001:

Reported by:
  'zynqRadioHWSWQPSKAD9361AD9364SL/HDL_QPSK/QPSK Tx Channel QPSK Rx/channel/NCO_DUT/NCO_Sweep/High_Level/Relational'

Details:
The design contains HDL blocks. Add a Vitis Model Composer Hub
block at the top level in the design.

--------------------------------------------------------------------------------

Error 0001:

Reported by:
  'zynqRadioHWSWQPSKAD9361AD9364SL/HDL_QPSK/QPSK Tx Channel QPSK Rx/channel/NCO_DUT/NCO_Sweep/High_Level/Start_Step'

Details:
The design contains HDL blocks. Add a Vitis Model Composer Hub
block at the top level in the design.

--------------------------------------------------------------------------------

Error 0001:

Reported by:
  'zynqRadioHWSWQPSKAD9361AD9364SL/HDL_QPSK/QPSK Tx Channel QPSK Rx/channel/NCO_DUT/NCO_Sweep/High_Level/Step_Accumulator'

Details:
The design contains HDL blocks. Add a Vitis Model Composer Hub
block at the top level in the design.

--------------------------------------------------------------------------------

Error 0001:

Reported by:
  'zynqRadioHWSWQPSKAD9361AD9364SL/HDL_QPSK/QPSK Tx Channel QPSK Rx/channel/NCO_DUT/NCO_Sweep/High_Level/Step_Step'

Details:
The design contains HDL blocks. Add a Vitis Model Composer Hub
block at the top level in the design.

--------------------------------------------------------------------------------

Error 0001:

Reported by:
  'zynqRadioHWSWQPSKAD9361AD9364SL/HDL_QPSK/QPSK Tx Channel QPSK Rx/channel/NCO_DUT/NCO_gwo'

Details:
The design contains HDL blocks. Add a Vitis Model Composer Hub
block at the top level in the design.

--------------------------------------------------------------------------------

Error 0001:

Reported by:
  'zynqRadioHWSWQPSKAD9361AD9364SL/HDL_QPSK/QPSK Tx Channel QPSK Rx/channel/NCO_DUT/Reset_gwo'

Details:
The design contains HDL blocks. Add a Vitis Model Composer Hub
block at the top level in the design.

--------------------------------------------------------------------------------

Error 0001:

Reported by:
  'zynqRadioHWSWQPSKAD9361AD9364SL/HDL_QPSK/QPSK Tx Channel QPSK Rx/channel/NCO_DUT/address_Step_Step_gwo'

Details:
The design contains HDL blocks. Add a Vitis Model Composer Hub
block at the top level in the design.

--------------------------------------------------------------------------------

Error 0001:

Reported by:
  'zynqRadioHWSWQPSKAD9361AD9364SL/HDL_QPSK/QPSK Tx Channel QPSK Rx/channel/NCO_DUT/address_step_gwo'

Details:
The design contains HDL blocks. Add a Vitis Model Composer Hub
block at the top level in the design.

--------------------------------------------------------------------------------
